v : tmp/richards/bm_richards.v:321:12: notice: redundant parentheses are used
At line:1 char:233
+ ... .v -Force ; v -enable-globals tmp/richards/ > compile_errors.txt 2>&1 ...
+                 ~~~~~~~~~~~~~~~~~~~~~~~~~~~~~~~~~~~~~~~~~~~~~~~~~~~~~~~~~
    + CategoryInfo          : NotSpecified: (tmp/richards/bm...theses are used:String) [], RemoteException
    + FullyQualifiedErrorId : NativeCommandError
 
  319 | 
  320 | fn (self TaskState_Impl) is_waiting_with_packet() bool {
  321 |     return ((if (self.packet_pending !is NoneType && self.packet_pending != 0) { self.task_waiting } else { 
self.packet_pending })) && (!py_bool(self.task_holding))
      |            ~~~~~~~~~~~~~~~~~~~~~~~~~~~~~~~~~~~~~~~~~~~~~~~~~~~~~~~~~~~~~~~~~~~~~~~~~~~~~~~~~~~~~~~~~~~~~~~~~~~~
~~~~~~~~~~~~~~~~~~~~
  322 | }
  323 |

tmp/richards/bm_richards.v:345:18: notice: interface field `Task_Impl.handle` must be initialized
  343 | 
  344 | fn new_task_impl(i int, p int, w ?&Packet, initial_state &TaskState, r &TaskRec) &Task_Impl {
  345 |     mut self := &Task_Impl{}
      |                  ~~~~~~~~~~~
  346 |     self.link = task_work_area.task_list
  347 |     self.ident = i
tmp/richards/bm_richards.v:433:18: notice: interface field `DeviceTask.handle` must be initialized
  431 | 
  432 | fn new_device_task(i int, p int, w ?&Packet, s &TaskState, r &DeviceTaskRec) &DeviceTask {
  433 |     mut self := &DeviceTask{}
      |                  ~~~~~~~~~~~~
  434 |     self.Task_Impl = *new_task_impl(i, p, w, s, r)
  435 |     return self
tmp/richards/bm_richards.v:433:18: notice: interface field `Task_Impl.handle` must be initialized
  431 | 
  432 | fn new_device_task(i int, p int, w ?&Packet, s &TaskState, r &DeviceTaskRec) &DeviceTask {
  433 |     mut self := &DeviceTask{}
      |                  ~~~~~~~~~~~~
  434 |     self.Task_Impl = *new_task_impl(i, p, w, s, r)
  435 |     return self
tmp/richards/bm_richards.v:458:18: notice: interface field `HandlerTask.handle` must be initialized
  456 | 
  457 | fn new_handler_task(i int, p int, w ?&Packet, s &TaskState, r &HandlerTaskRec) &HandlerTask {
  458 |     mut self := &HandlerTask{}
      |                  ~~~~~~~~~~~~~
  459 |     self.Task_Impl = *new_task_impl(i, p, w, s, r)
  460 |     return self
tmp/richards/bm_richards.v:458:18: notice: interface field `Task_Impl.handle` must be initialized
  456 | 
  457 | fn new_handler_task(i int, p int, w ?&Packet, s &TaskState, r &HandlerTaskRec) &HandlerTask {
  458 |     mut self := &HandlerTask{}
      |                  ~~~~~~~~~~~~~
  459 |     self.Task_Impl = *new_task_impl(i, p, w, s, r)
  460 |     return self
tmp/richards/bm_richards.v:492:18: notice: interface field `IdleTask.handle` must be initialized
  490 | 
  491 | fn new_idle_task(i int, p int, w int, s &TaskState, r &IdleTaskRec) &IdleTask {
  492 |     mut self := &IdleTask{}
      |                  ~~~~~~~~~~
  493 |     self.Task_Impl = *new_task_impl(i, 0, none, s, r)
  494 |     return self
tmp/richards/bm_richards.v:492:18: notice: interface field `Task_Impl.handle` must be initialized
  490 | 
  491 | fn new_idle_task(i int, p int, w int, s &TaskState, r &IdleTaskRec) &IdleTask {
  492 |     mut self := &IdleTask{}
      |                  ~~~~~~~~~~
  493 |     self.Task_Impl = *new_task_impl(i, 0, none, s, r)
  494 |     return self
tmp/richards/bm_richards.v:512:18: notice: interface field `WorkTask.handle` must be initialized
  510 | 
  511 | fn new_work_task(i int, p int, w ?&Packet, s &TaskState, r &WorkerTaskRec) &WorkTask {
  512 |     mut self := &WorkTask{}
      |                  ~~~~~~~~~~
  513 |     self.Task_Impl = *new_task_impl(i, p, w, s, r)
  514 |     return self
tmp/richards/bm_richards.v:512:18: notice: interface field `Task_Impl.handle` must be initialized
  510 | 
  511 | fn new_work_task(i int, p int, w ?&Packet, s &TaskState, r &WorkerTaskRec) &WorkTask {
  512 |     mut self := &WorkTask{}
      |                  ~~~~~~~~~~
  513 |     self.Task_Impl = *new_task_impl(i, p, w, s, r)
  514 |     return self
tmp/richards/bm_richards.v:317:13: warning: unnecessary `()` in `if` condition, use `if expr {` instead of `if (expr) 
{`.
  315 | 
  316 | fn (self TaskState_Impl) is_task_holding_or_waiting() bool {
  317 |     return (if (self.task_holding !is NoneType && self.task_holding != 0) { self.task_holding } else { (if 
!py_bool(self.packet_pending) { self.task_waiting } else { !py_bool(self.packet_pending) }) })
      |             ~~~~~~~~~~~~~~~~~~~~~~~~~~~~~~~~~~~~~~~~~~~~~~~~~~~~~~~~~~~~~
  318 | }
  319 |
tmp/richards/bm_richards.v:321:14: warning: unnecessary `()` in `if` condition, use `if expr {` instead of `if (expr) 
{`.
  319 | 
  320 | fn (self TaskState_Impl) is_waiting_with_packet() bool {
  321 |     return ((if (self.packet_pending !is NoneType && self.p
acket_pending != 0) { self.task_waiting } else { self.packet_pending })) && (!py_bool(self.task_holding))
      |              ~~~~~~~~~~~~~~~~~~~~~~~~~~~~~~~~~~~~~~~~~~~~~~~~~~~~~~~~~~~~~~~~~
  322 | }
  323 |

tmp/richards/bm_richards.v:365:5: warning: unnecessary `()` in `if` condition, use `if expr {` instead of `if (expr) 
{`.
  363 | 
  364 | fn (mut self Task_Impl) add_packet(p &Packet, old &Task) &Task {
  365 |     if (self.input is NoneType) {
      |     ~~~~~~~~~~~~~~~~~~~~~~~~~~~
  366 |         self.input = p
  367 |         self.packet_pending = true

tmp/richards/bm_richards.v:383:9: warning: unnecessary `()` in `if` condition, use `if expr {` instead of `if (expr) 
{`.
  381 |         assert msg != none
  382 |         self.input = msg.link
  383 |         if (self.input is NoneType) {
      |         ~~~~~~~~~~~~~~~~~~~~~~~~~~~
  384 |             self.running()
  385 |         } else {

tmp/richards/bm_richards.v:473:5: warning: unnecessary `()` in `if` condition, use `if expr {` instead of `if (expr) 
{`.
  471 |     }
  472 |     mut work := h.work_in
  473 |     if (work is NoneType) {
      |     ~~~~~~~~~~~~~~~~~~~~~
  474 |         return self.wait_task()
  475 |     }

tmp/richards/bm_richards.v:482:5: warning: unnecessary `()` in `if` condition, use `if expr {` instead of `if (expr) 
{`.
  480 |     }
  481 |     mut dev := h.device_in
  482 |     if (dev is NoneType) {
      |     ~~~~~~~~~~~~~~~~~~~~
  483 |         return self.wait_task()
  484 |     }

tmp/richards/bm_richards.v:566:9: warning: unused variable: `i`
  564 | 
  565 | fn (self Richards) run(iterations int) bool {
  566 |     for i in 0..iterations {
      |         ^
  567 |         task_work_area.hold_count = 0
  568 |         task_work_area.qpkt_count = 0

tmp/richards/bm_richards.v:596:9: warning: unused variable: `i`
  594 | fn richards() {
  595 |     richards := new_richards()
  596 |     for i in 0..3 {
      |         ^
  597 |         assert richards.run(1)
  598 |     }

tmp/richards/bm_richards.v:639:9: warning: unused variable: `layout`
  637 |     //  Outer loop added by Alex Jacoby
  638 |     // "
  639 |     mut layout := 0
      |         ~~~~~~
  640 | }

tmp/richards/bm_richards.v:196:11: error: cannot cast string to `u32`, use `'A'.u32()` instead.
  194 | const tracing = false
  195 | const tasktabsize = 10
  196 | const a = u32('A')
      |           ~~~~~~~~
  197 | 
  198 | fn new_packet(l ?&Packet, i int, k int) &Packet {

tmp/richards/bm_richards.v:85:5: error: interface `Task` tries to embed `TaskState_Impl`, but `TaskState_Impl` is not 
an interface, but `struct`
   83 | 
   84 | interface Task {
   85 |     TaskState_Impl
      |     ~~~~~~~~~~~~~~
   86 |     link Any
   87 |     ident i64

tmp/richards/bm_richards.v:199:18: error: reference field `Packet.link` must be initialized
  197 | 
  198 | fn new_packet(l ?&Packet, i int, k int) &Packet {
  199 |     mut self := &Packet{}
      |                  ~~~~~~~~
  200 |     self.link = l
  201 |     self.ident = i

tmp/richards/bm_richards.v:200:17: error: cannot assign an Option value to a non-option variable
  198 | fn new_packet(l ?&Packet, i int, k int) &Packet {
  199 |     mut self := &Packet{}
  200 |     self.link = l
      |                 ^
  201 |     self.ident = i
  202 |     self.kind = k

tmp/richards/bm_richards.v:204:23: error: cannot assign to `self.data`: expected `[]i64`, not `[]int`
  202 |     self.kind = k
  203 |     self.datum = 0
  204 |     self.data = ([0]).repeat(bufsize)
      |                       ~~~~~~~~~~~~~~~
  205 |     return self
  206 | }

tmp/richards/bm_richards.v:209:15: error: mismatched types `&Packet` and `none`
  207 | 
  208 | fn (mut self Packet) append_to(lst ?&Packet) &Packet {
  209 |     self.link = none
      |               ^
  210 |     mut p := ?&Packet(none)
  211 |     mut next := ?&Packet(none)

tmp/richards/bm_richards.v:209:17: error: cannot assign to `self.link`: expected `&Packet`, not `none`
  207 | 
  208 | fn (mut self Packet) append_to(lst ?&Packet) &Packet {
  209 |     self.link = none
      |                 ~~~~
  210 |     mut p := ?&Packet(none)
  211 |     mut next := ?&Packet(none)

tmp/richards/bm_richards.v:216:27: error: cannot access fields of an Option, handle the error with `or {...}` or 
propagate it with `?`
  214 |     } else {
  215 |         p = ?&Packet(lst)
  216 |         next = ?&Packet(p.link)
      |                           ~~~~
  217 |         for next != none {
  218 |             p = ?&Packet(next)

tmp/richards/bm_richards.v:219:31: error: cannot access fields of an Option, handle the error with `or {...}` or 
propagate it with `?`
  217 |         for next != none {
  218 |             p = ?&Packet(next)
  219 |             next = ?&Packet(p.link)
      |                               ~~~~
  220 |         }
  221 |         p.link = self

tmp/richards/bm_richards.v:221:11: error: cannot access fields of an Option, handle the error with `or {...}` or 
propagate it with `?`
  219 |             next = ?&Packet(p.link)
  220 |         }
  221 |         p.link = self
      |           ~~~~
  222 |         return lst
  223 |     }

tmp/richards/bm_richards.v:246:20: error: cannot assign to `self.work_in`: expected `Any`, not `none`
  244 | fn new_handler_task_rec() &HandlerTaskRec {
  245 |     mut self := &HandlerTaskRec{}
  246 |     self.work_in = none
      |                    ~~~~
  247 |     self.device_in = none
  248 |     return self

tmp/richards/bm_richards.v:247:22: error: cannot assign to `self.device_in`: expected `Any`, not `none`
  245 |     mut self := &HandlerTaskRec{}
  246 |     self.work_in = none
  247 |     self.device_in = none
      |                      ~~~~
  248 |     return self
  249 | }

tmp/richards/bm_richards.v:252:20: error: `p` is immutable, declare it with `mut` to make it mutable
  250 | 
  251 | fn (mut self HandlerTaskRec) work_in_add(p &Packet) &Packet {
  252 |     self.work_in = p.append_to((self.work_in as ?Packet))
      |                    ^
  253 |     return (self.work_in as ?Packet)
  254 | }

tmp/richards/bm_richards.v:252:46: error: cannot cast `Any` to `Packet`
  250 | 
  251 | fn (mut self HandlerTaskRec) work_in_add(p &Packet) &Packet {
  252 |     self.work_in = p.append_to((self.work_in as ?Packet))
      |                                              ~~
  253 |     return (self.work_in as ?Packet)
  254 | }

tmp/richards/bm_richards.v:252:32: error: cannot use `?Packet` as `?&Packet` in argument 1 to `Packet.append_to`
  250 | 
  251 | fn (mut self HandlerTaskRec) work_in_add(p &Packet) &Packet {
  252 |     self.work_in = p.append_to((self.work_in as ?Packet))
      |                                ~~~~~~~~~~~~~~~~~~~~~~~~~
  253 |     return (self.work_in as ?Packet)
  254 | }

tmp/richards/bm_richards.v:252:22: error: cannot assign to `self.work_in`: expected `Any`, not `&Packet`
  250 | 
  251 | fn (mut self HandlerTaskRec) work_in_add(p &Packet) &Packet {
  252 |     self.work_in = p.append_to((self.work_in as ?Packet))
      |                      ~~~~~~~~~~~~~~~~~~~~~~~~~~~~~~~~~~~~
  253 |     return (self.work_in as ?Packet)
  254 | }

tmp/richards/bm_richards.v:253:26: error: cannot cast `Any` to `Packet`
  251 | fn (mut self HandlerTaskRec) work_in_add(p &Packet) &Packet {
  252 |     self.work_in = p.append_to((self.work_in as ?Packet))
  253 |     return (self.work_in as ?Packet)
      |                          ~~
  254 | }
  255 |

tmp/richards/bm_richards.v:253:12: error: cannot use `?Packet` as type `&Packet` in return argument
  251 | fn (mut self HandlerTaskRec) work_in_add(p &Packet) &Packet {
  252 |     self.work_in = p.append_to((self.work_in as ?Packet))
  253 |     return (self.work_in as ?Packet)
      |            ~~~~~~~~~~~~~~~~~~~~~~~~~
  254 | }
  255 |

tmp/richards/bm_richards.v:253:12: error: fn `work_in_add` expects you to return a reference type `&Packet`, but you 
are returning `?Packet` instead
  251 | fn (mut self HandlerTaskRec) work_in_add(p &Packet) &Packet {
  252 |     self.work_in = p.append_to((self.work_in as ?Packet))
  253 |     return (self.work_in as ?Packet)
      |            ~~~~~~~~~~~~~~~~~~~~~~~~~
  254 | }
  255 |

tmp/richards/bm_richards.v:257:22: error: `p` is immutable, declare it with `mut` to make it mutable
  255 | 
  256 | fn (mut self HandlerTaskRec) device_in_add(p &Packet) &Packet {
  257 |     self.device_in = p.append_to((self.device_in as ?Packet))
      |                      ^
  258 |     return (self.device_in as ?Packet)
  259 | }

tmp/richards/bm_richards.v:257:50: error: cannot cast `Any` to `Packet`
  255 | 
  256 | fn (mut self HandlerTaskRec) device_in_add(p &Packet) &Packet {
  257 |     self.device_in = p.append_to((self.device_in as ?Packet))
      |                                                  ~~
  258 |     return (self.device_in as ?Packet)
  259 | }

tmp/richards/bm_richards.v:257:34: error: cannot use `?Packet` as `?&Packet` in argument 1 to `Packet.append_to`
  255 | 
  256 | fn (mut self HandlerTaskRec) device_in_add(p &Packet) &Packet {
  257 |     self.device_in = p.append_to((self.device_in as ?Packet))
      |                                  ~~~~~~~~~~~~~~~~~~~~~~~~~~~
  258 |     return (self.device_in as ?Packet)
  259 | }

tmp/richards/bm_richards.v:257:24: error: cannot assign to `self.device_in`: expected `Any`, not `&Packet`
  255 | 
  256 | fn (mut self HandlerTaskRec) device_in_add(p &Packet) &Packet {
  257 |     self.device_in = p.append_to((self.device_in as ?Packet))
      |                        ~~~~~~~~~~~~~~~~~~~~~~~~~~~~~~~~~~~~~~
  258 |     return (self.device_in as ?Packet)
  259 | }

tmp/richards/bm_richards.v:258:28: error: cannot cast `Any` to `Packet`
  256 | fn (mut self HandlerTaskRec) device_in_add(p &Packet) &Packet {
  257 |     self.device_in = p.append_to((self.device_in as ?Packet))
  258 |     return (self.device_in as ?Packet)
      |                            ~~
  259 | }
  260 |

tmp/richards/bm_richards.v:258:12: error: cannot use `?Packet` as type `&Packet` in return argument
  256 | fn (mut self HandlerTaskRec) device_in_add(p &Packet) &Packet {
  257 |     self.device_in = p.append_to((self.device_in as ?Packet))
  258 |     return (self.device_in as ?Packet)
      |            ~~~~~~~~~~~~~~~~~~~~~~~~~~~
  259 | }
  260 |

tmp/richards/bm_richards.v:258:12: error: fn `device_in_add` expects you to return a reference type `&Packet`, but you 
are returning `?Packet` instead
  256 | fn (mut self HandlerTaskRec) device_in_add(p &Packet) &Packet {
  257 |     self.device_in = p.append_to((self.device_in as ?Packet))
  258 |     return (self.device_in as ?Packet)
      |            ~~~~~~~~~~~~~~~~~~~~~~~~~~~
  259 | }
  260 |

tmp/richards/bm_richards.v:280:5: error: `&TaskState_Impl` incorrectly implements method `packet_pending` of interface 
`TaskState`: expected `TaskState` which is immutable, not `mut &TaskState_Impl`
  278 |     self.task_waiting = false
  279 |     self.task_holding = false
  280 |     return self
      |     ~~~~~~~~~~~
  281 | }
  282 |

Details: main.TaskState has `fn packet_pending(x main.TaskState) &main.TaskState`
         main.TaskState_Impl has `fn packet_pending(mut self main.TaskState_Impl) &main.TaskState`

tmp/richards/bm_richards.v:287:5: error: `&TaskState_Impl` incorrectly implements method `packet_pending` of interface 
`TaskState`: expected `TaskState` which is immutable, not `mut &TaskState_Impl`
  285 |     self.task_waiting = true
  286 |     self.task_holding = false
  287 |     return self
      |     ~~~~~~~~~~~
  288 | }
  289 |

Details: main.TaskState has `fn packet_pending(x main.TaskState) &main.TaskState`
         main.TaskState_Impl has `fn packet_pending(mut self main.TaskState_Impl) &main.TaskState`

tmp/richards/bm_richards.v:294:5: error: `&TaskState_Impl` incorrectly implements method `packet_pending` of interface 
`TaskState`: expected `TaskState` which is immutable, not `mut &TaskState_Impl`
  292 |     self.task_waiting = false
  293 |     self.task_holding = false
  294 |     return self
      |     ~~~~~~~~~~~
  295 | }
  296 |

Details: main.TaskState has `fn packet_pending(x main.TaskState) &main.TaskState`
         main.TaskState_Impl has `fn packet_pending(mut self main.TaskState_Impl) &main.TaskState`

tmp/richards/bm_richards.v:301:5: error: `&TaskState_Impl` incorrectly implements method `packet_pending` of interface 
`TaskState`: expected `TaskState` which is immutable, not `mut &TaskState_Impl`
  299 |     self.task_waiting = true
  300 |     self.task_holding = false
  301 |     return self
      |     ~~~~~~~~~~~
  302 | }
  303 |

Details: main.TaskState has `fn packet_pending(x main.TaskState) &main.TaskState`
         main.TaskState_Impl has `fn packet_pending(mut self main.TaskState_Impl) &main.TaskState`

tmp/richards/bm_richards.v:317:35: error: `!is` can only be used with interfaces and sum types
  315 | 
  316 | fn (self TaskState_Impl) is_task_holding_or_waiting() bool {
  317 |     return (if (self.task_holding !is NoneType && self.task_holding != 0) { self.task_holding } else { (if 
!py_bool(self.packet_pending) { self.task_waiting } else { !py_bool(self.packet_pending) }) })
      |                                   ~~~
  318 | }
  319 |

tmp/richards/bm_richards.v:317:56: error: infix expr: cannot use `int literal` (right expression) as `bool`
  315 | 
  316 | fn (self TaskState_Impl) is_task_holding_or_waiting() bool {
  317 |     return (if (self.task_holding !is NoneType && self.task_holding != 0) { self.task_holding } else { (if 
!py_bool(self.packet_pending) { self.task_waiting } else { !py_bool(self.packet_pending) }) })
      |                                                        ~~~~~~~~~~~~~~~~~
  318 | }
  319 |

tmp/richards/bm_richards.v:317:109: error: unknown function: py_bool
  315 | 
  316 | fn (self TaskState_Impl) is_task_holding_or_waiting() bool {
  317 |     return (if (self.task_holding !is NoneType && self.task_holding != 0) { self.task_holding } else { (if 
!py_bool(self.packet_pending) { self.task_waiting } else { !py_bool(self.packet_pending) }) })
      |                                                                                                             
~~~~~~~~~~~~~~~~~~~~~~~~~~~~
  318 | }
  319 |

tmp/richards/bm_richards.v:317:108: error: operator `!` can only be used with bool types, but the value after `!` is 
of type `void` instead
  315 | 
  316 | fn (self TaskState_Impl) is_task_holding_or_waiting() bool {
  317 |     return (if (self.task_holding !is NoneType && self.task_holding != 0) { self.task_holding } else { (if 
!py_bool(self.packet_pending) { self.task_waiting } else { !py_bool(self.packet_pending) }) })
      |                                                                                                            ^
  318 | }
  319 |

tmp/richards/bm_richards.v:317:108: error: non-bool type `void` used as if condition
  315 | 
  316 | fn (self TaskState_Impl) is_task_holding_or_waiting() bool {
  317 |     return (if (self.task_holding !is NoneType && self.task_holding != 0) { self.task_holding } else { (if 
!py_bool(self.packet_pending) { self.task_waiting } else { !py_bool(self.packet_pending) }) })
      |                                                                                                            ^
  318 | }
  319 |

tmp/richards/bm_richards.v:317:167: error: the final expression in `if` or `match`, must have a value of a non-void 
type
  315 | 
  316 | fn (self TaskState_Impl) is_task_holding_or_waiting() bool {
  317 |     return (if (self.task_holding !is NoneType && self.task_holding != 0) { self.task_holding } else { (if 
!py_bool(self.packet_pending) { self.task_waiting } else { !py_bool(self.packet_pending) }) })
      |                                                                                                                
                                                       ^
  318 | }
  319 |

tmp/richards/bm_richards.v:321:38: error: `!is` can only be used with interfaces and sum types
  319 | 
  320 | fn (self TaskState_Impl) is_waiting_with_packet() bool {
  321 |     return ((if (self.packet_pending !is NoneType && self.packet_pending != 0) { self.task_waiting } else { 
self.packet_pending })) && (!py_bool(self.task_holding))
      |                                      ~~~
  322 | }
  323 |

tmp/richards/bm_richards.v:321:59: error: infix expr: cannot use `int literal` (right expression) as `bool`
  319 | 
  320 | fn (self TaskState_Impl) is_waiting_with_packet() bool {
  321 |     return ((if (self.packet_pending !is NoneType && self.packet_pending != 0) { self.task_waiting } else { 
self.packet_pending })) && (!py_bool(self.task_holding))
      |                                                           ~~~~~~~~~~~~~~~~~~~
  322 | }
  323 |

tmp/richards/bm_richards.v:321:138: error: unknown function: py_bool
  319 | 
  320 | fn (self TaskState_Impl) is_waiting_with_packet() bool {
  321 |     return ((if (self.packet_pending !is NoneType && self.packet_pending != 0) { self.task_waiting } else { 
self.packet_pending })) && (!py_bool(self.task_holding))
      |                                                                                                                
                          ~~~~~~~~~~~~~~~~~~~~~~~~~~
  322 | }
  323 |

tmp/richards/bm_richards.v:321:137: error: operator `!` can only be used with bool types, but the value after `!` is 
of type `void` instead
  319 | 
  320 | fn (self TaskState_Impl) is_waiting_with_packet() bool {
  321 |     return ((if (self.packet_pending !is NoneType && self.packet_pending != 0) { self.task_waiting } else { 
self.packet_pending })) && (!py_bool(self.task_holding))
      |                                                                                                                
                         ^
  322 | }
  323 |

tmp/richards/bm_richards.v:321:136: error: right operand for `&&` is not a boolean
  319 | 
  320 | fn (self TaskState_Impl) is_waiting_with_packet() bool {
  321 |     return ((if (self.packet_pending !is NoneType && self.packet_pending != 0) { self.task_waiting } else { 
self.packet_pending })) && (!py_bool(self.task_holding))
      |                                                                                                                
                        ~~~~~~~~~~~~~~~~~~~~~~~~~~~~~
  322 | }
  323 |

tmp/richards/bm_richards.v:321:5: error: `(( if (self.packet_pending !is TypeNode(NoneType) && self.packet_pending != 
0) { self.task_waiting } else { self.packet_pending })) && (!py_bool(self.task_holding))` used as value
  319 | 
  320 | fn (self TaskState_Impl) is_waiting_with_packet() bool {
  321 |     return ((if (self.packet_pending !is NoneType && self.packet_pending != 0) { self.task_waiting } else { 
self.packet_pending })) && (!py_bool(self.task_holding))
      |     ~~~~~~~~~~~~~~~~~~~~~~~~~~~~~~~~~~~~~~~~~~~~~~~~~~~~~~~~~~~~~~~~~~~~~~~~~~~~~~~~~~~~~~~~~~~~~~~~~~~~~~~~~~~
~~~~~~~~~~~~~~~~~~~~~~~~~~~~~~~~~~~~~~~~~~~~~~~~~~~~~
  322 | }
  323 |

tmp/richards/bm_richards.v:326:5: error: undefined variable `layout` (used before declaration)
  324 | fn trace(a Any) {
  325 |     // global layout
  326 |     layout -= 1
      |     ~~~~~~
  327 |     mut layout := Any(none)
  328 |     if layout <= 0 {

tmp/richards/bm_richards.v:327:19: error: cannot cast `none` to `Any`
  325 |     // global layout
  326 |     layout -= 1
  327 |     mut layout := Any(none)
      |                   ~~~~~~~~~
  328 |     if layout <= 0 {
  329 |         println("")

tmp/richards/bm_richards.v:326:5: error: operator `-=` not defined on left operand type `Any`
  324 | fn trace(a Any) {
  325 |     // global layout
  326 |     layout -= 1
      |     ~~~~~~
  327 |     mut layout := Any(none)
  328 |     if layout <= 0 {

tmp/richards/bm_richards.v:328:15: error: cannot use operator `<=` with `Any`
  326 |     layout -= 1
  327 |     mut layout := Any(none)
  328 |     if layout <= 0 {
      |               ~~
  329 |         println("")
  330 |         layout = 50

tmp/richards/bm_richards.v:328:8: error: infix expr: cannot use `int literal` (right expression) as `Any`
  326 |     layout -= 1
  327 |     mut layout := Any(none)
  328 |     if layout <= 0 {
      |        ~~~~~~~~~~~
  329 |         println("")
  330 |         layout = 50

tmp/richards/bm_richards.v:337:21: error: cannot assign to `self.task_tab`: expected `[]?Task`, not `[]Any`
  335 | fn new_task_work_area() &TaskWorkArea {
  336 |     mut self := &TaskWorkArea{}
  337 |     self.task_tab = []Any{len: tasktabsize, init: NoneType{}}
      |                     ~~~~~~
  338 |     self.task_list = none
  339 |     self.hold_count = 0

tmp/richards/bm_richards.v:338:22: error: `none` doesn't implement field `link` of interface `Task`
  336 |     mut self := &TaskWorkArea{}
  337 |     self.task_tab = []Any{len: tasktabsize, init: NoneType{}}
  338 |     self.task_list = none
      |                      ~~~~
  339 |     self.hold_count = 0
  340 |     self.qpkt_count = 0

tmp/richards/bm_richards.v:338:22: error: `none` doesn't implement field `ident` of interface `Task`
  336 |     mut self := &TaskWorkArea{}
  337 |     self.task_tab = []Any{len: tasktabsize, init: NoneType{}}
  338 |     self.task_list = none
      |                      ~~~~
  339 |     self.hold_count = 0
  340 |     self.qpkt_count = 0

tmp/richards/bm_richards.v:338:22: error: `none` doesn't implement field `priority` of interface `Task`
  336 |     mut self := &TaskWorkArea{}
  337 |     self.task_tab = []Any{len: tasktabsize, init: NoneType{}}
  338 |     self.task_list = none
      |                      ~~~~
  339 |     self.hold_count = 0
  340 |     self.qpkt_count = 0

tmp/richards/bm_richards.v:338:22: error: `none` doesn't implement field `input` of interface `Task`
  336 |     mut self := &TaskWorkArea{}
  337 |     self.task_tab = []Any{len: tasktabsize, init: NoneType{}}
  338 |     self.task_list = none
      |                      ~~~~
  339 |     self.hold_count = 0
  340 |     self.qpkt_count = 0

tmp/richards/bm_richards.v:338:22: error: `none` doesn't implement field `packet_pending` of interface `Task`
  336 |     mut self := &TaskWorkArea{}
  337 |     self.task_tab = []Any{len: tasktabsize, init: NoneType{}}
  338 |     self.task_list = none
      |                      ~~~~
  339 |     self.hold_count = 0
  340 |     self.qpkt_count = 0

tmp/richards/bm_richards.v:338:22: error: `none` doesn't implement field `task_waiting` of interface `Task`
  336 |     mut self := &TaskWorkArea{}
  337 |     self.task_tab = []Any{len: tasktabsize, init: NoneType{}}
  338 |     self.task_list = none
      |                      ~~~~
  339 |     self.hold_count = 0
  340 |     self.qpkt_count = 0

tmp/richards/bm_richards.v:338:22: error: `none` doesn't implement field `task_holding` of interface `Task`
  336 |     mut self := &TaskWorkArea{}
  337 |     self.task_tab = []Any{len: tasktabsize, init: NoneType{}}
  338 |     self.task_list = none
      |                      ~~~~
  339 |     self.hold_count = 0
  340 |     self.qpkt_count = 0

tmp/richards/bm_richards.v:338:22: error: `none` doesn't implement field `handle` of interface `Task`
  336 |     mut self := &TaskWorkArea{}
  337 |     self.task_tab = []Any{len: tasktabsize, init: NoneType{}}
  338 |     self.task_list = none
      |                      ~~~~
  339 |     self.hold_count = 0
  340 |     self.qpkt_count = 0

tmp/richards/bm_richards.v:345:18: error: reference field `Task_Impl.input` must be initialized
  343 | 
  344 | fn new_task_impl(i int, p int, w ?&Packet, initial_state &TaskState, r &TaskRec) &Task_Impl {
  345 |     mut self := &Task_Impl{}
      |                  ~~~~~~~~~~~
  346 |     self.link = task_work_area.task_list
  347 |     self.ident = i

tmp/richards/bm_richards.v:346:32: error: cannot assign an Option value to a non-option variable
  344 | fn new_task_impl(i int, p int, w ?&Packet, initial_state &TaskState, r &TaskRec) &Task_Impl {
  345 |     mut self := &Task_Impl{}
  346 |     self.link = task_work_area.task_list
      |                                ~~~~~~~~~
  347 |     self.ident = i
  348 |     self.priority = p

tmp/richards/bm_richards.v:346:32: error: cannot assign to `self.link`: expected `Any`, not `?&Task`
  344 | fn new_task_impl(i int, p int, w ?&Packet, initial_state &TaskState, r &TaskRec) &Task_Impl {
  345 |     mut self := &Task_Impl{}
  346 |     self.link = task_work_area.task_list
      |                                ~~~~~~~~~
  347 |     self.ident = i
  348 |     self.priority = p

tmp/richards/bm_richards.v:349:18: error: cannot assign an Option value to a non-option variable
  347 |     self.ident = i
  348 |     self.priority = p
  349 |     self.input = w
      |                  ^
  350 |     self.packet_pending = initial_state.is_packet_pending()
  351 |     self.task_waiting = initial_state.is_task_waiting()

tmp/richards/bm_richards.v:354:32: error: `&Task_Impl` incorrectly implements method `py_fn` of interface `Task`: 
expected `TaskRec`, not `&TaskRec` for parameter 2
  352 |     self.task_holding = initial_state.is_task_holding()
  353 |     self.handle = r
  354 |     task_work_area.task_list = self
      |                                ~~~~
  355 |     (task_work_area.task_tab as map[string]Task)[i] = self
  356 |     return self

Details: main.Task has `fn py_fn(x main.Task, pkt ?&main.Packet, r main.TaskRec) ?&main.Task`
         main.Task_Impl has `fn py_fn(self main.Task_Impl, pkt ?&main.Packet, r &main.TaskRec) ?&main.Task`

tmp/richards/bm_richards.v:355:30: error: cannot cast non-sum type `[]?Task` using `as`
  353 |     self.handle = r
  354 |     task_work_area.task_list = self
  355 |     (task_work_area.task_tab as map[string]Task)[i] = self
      |                              ~~
  356 |     return self
  357 | }

tmp/richards/bm_richards.v:355:49: error: invalid key: expected `string`, not `int`
  353 |     self.handle = r
  354 |     task_work_area.task_list = self
  355 |     (task_work_area.task_tab as map[string]Task)[i] = self
      |                                                 ~~~
  356 |     return self
  357 | }

tmp/richards/bm_richards.v:355:55: error: `&Task_Impl` incorrectly implements method `py_fn` of interface `Task`: 
expected `TaskRec`, not `&TaskRec` for parameter 2
  353 |     self.handle = r
  354 |     task_work_area.task_list = self
  355 |     (task_work_area.task_tab as map[string]Task)[i] = self
      |                                                       ~~~~
  356 |     return self
  357 | }

Details: main.Task has `fn py_fn(x main.Task, pkt ?&main.Packet, r main.TaskRec) ?&main.Task`
         main.Task_Impl has `fn py_fn(self main.Task_Impl, pkt ?&main.Packet, r &main.TaskRec) ?&main.Task`

tmp/richards/bm_richards.v:365:20: error: `is` can only be used with interfaces and sum types
  363 | 
  364 | fn (mut self Task_Impl) add_packet(p &Packet, old &Task) &Task {
  365 |     if (self.input is NoneType) {
      |                    ~~
  366 |         self.input = p
  367 |         self.packet_pending = true

tmp/richards/bm_richards.v:369:13: error: `&Task_Impl` incorrectly implements method `py_fn` of interface `Task`: 
expected `TaskRec`, not `&TaskRec` for parameter 2
  367 |         self.packet_pending = true
  368 |         if self.priority > old.priority {
  369 |             return self
      |             ~~~~~~~~~~~
  370 |         }
  371 |     } else {

Details: main.Task has `fn py_fn(x main.Task, pkt ?&main.Packet, r main.TaskRec) ?&main.Task`
         main.Task_Impl has `fn py_fn(self main.Task_Impl, pkt ?&main.Packet, r &main.TaskRec) ?&main.Task`

tmp/richards/bm_richards.v:372:9: error: `p` is immutable, declare it with `mut` to make it mutable
  370 |         }
  371 |     } else {
  372 |         p.append_to(self.input)
      |         ^
  373 |     }
  374 |     return old

tmp/richards/bm_richards.v:374:12: error: `old` cannot be returned outside `unsafe` blocks as it might refer to an 
object stored on stack. Consider wrapping the `Task` object in a `struct` declared as `@[heap]`.
  372 |         p.append_to(self.input)
  373 |     }
  374 |     return old
      |            ~~~
  375 | }
  376 |

tmp/richards/bm_richards.v:379:8: error: unknown function: py_bool
  377 | fn (mut self Task_Impl) run_task() ?&Task {
  378 |     mut msg := ?&Packet(none)
  379 |     if py_bool(self.is_waiting_with_packet()) {
      |        ~~~~~~~~~~~~~~~~~~~~~~~~~~~~~~~~~~~~~~
  380 |         msg = self.input
  381 |         assert msg != none

tmp/richards/bm_richards.v:379:8: error: non-bool type `void` used as if condition
  377 | fn (mut self Task_Impl) run_task() ?&Task {
  378 |     mut msg := ?&Packet(none)
  379 |     if py_bool(self.is_waiting_with_packet()) {
      |        ~~~~~~~~~~~~~~~~~~~~~~~~~~~~~~~~~~~~~~
  380 |         msg = self.input
  381 |         assert msg != none

tmp/richards/bm_richards.v:382:26: error: cannot access fields of an Option, handle the error with `or {...}` or 
propagate it with `?`
  380 |         msg = self.input
  381 |         assert msg != none
  382 |         self.input = msg.link
      |                          ~~~~
  383 |         if (self.input is NoneType) {
  384 |             self.running()

tmp/richards/bm_richards.v:383:24: error: `is` can only be used with interfaces and sum types
  381 |         assert msg != none
  382 |         self.input = msg.link
  383 |         if (self.input is NoneType) {
      |                        ~~
  384 |             self.running()
  385 |         } else {

tmp/richards/bm_richards.v:396:5: error: `&Task_Impl` incorrectly implements method `py_fn` of interface `Task`: 
expected `TaskRec`, not `&TaskRec` for parameter 2
  394 | fn (mut self Task_Impl) wait_task() &Task {
  395 |     self.task_waiting = true
  396 |     return self
      |     ~~~~~~~~~~~
  397 | }
  398 |

Details: main.Task has `fn py_fn(x main.Task, pkt ?&main.Packet, r main.TaskRec) ?&main.Task`
         main.Task_Impl has `fn py_fn(self main.Task_Impl, pkt ?&main.Packet, r &main.TaskRec) ?&main.Task`

tmp/richards/bm_richards.v:402:5: error: `Any` doesn't implement method `py_fn` of interface `Task`
  400 |     task_work_area.hold_count += 1
  401 |     self.task_holding = true
  402 |     return self.link
      |     ~~~~~~~~~~~~~~~~
  403 | }
  404 |

tmp/richards/bm_richards.v:402:5: error: `Any` doesn't implement method `add_packet` of interface `Task`
  400 |     task_work_area.hold_count += 1
  401 |     self.task_holding = true
  402 |     return self.link
      |     ~~~~~~~~~~~~~~~~
  403 | }
  404 |

tmp/richards/bm_richards.v:402:5: error: `Any` doesn't implement method `run_task` of interface `Task`
  400 |     task_work_area.hold_count += 1
  401 |     self.task_holding = true
  402 |     return self.link
      |     ~~~~~~~~~~~~~~~~
  403 | }
  404 |

tmp/richards/bm_richards.v:402:5: error: `Any` doesn't implement method `wait_task` of interface `Task`
  400 |     task_work_area.hold_count += 1
  401 |     self.task_holding = true
  402 |     return self.link
      |     ~~~~~~~~~~~~~~~~
  403 | }
  404 |

tmp/richards/bm_richards.v:402:5: error: `Any` doesn't implement method `hold` of interface `Task`
  400 |     task_work_area.hold_count += 1
  401 |     self.task_holding = true
  402 |     return self.link
      |     ~~~~~~~~~~~~~~~~
  403 | }
  404 |

tmp/richards/bm_richards.v:402:5: error: `Any` doesn't implement method `release` of interface `Task`
  400 |     task_work_area.hold_count += 1
  401 |     self.task_holding = true
  402 |     return self.link
      |     ~~~~~~~~~~~~~~~~
  403 | }
  404 |

tmp/richards/bm_richards.v:402:5: error: `Any` doesn't implement method `qpkt` of interface `Task`
  400 |     task_work_area.hold_count += 1
  401 |     self.task_holding = true
  402 |     return self.link
      |     ~~~~~~~~~~~~~~~~
  403 | }
  404 |

tmp/richards/bm_richards.v:402:5: error: `Any` doesn't implement method `findtcb` of interface `Task`
  400 |     task_work_area.hold_count += 1
  401 |     self.task_holding = true
  402 |     return self.link
      |     ~~~~~~~~~~~~~~~~
  403 | }
  404 |

tmp/richards/bm_richards.v:407:7: error: field `task_holding` of interface `&Task` is immutable
  405 | fn (self Task_Impl) release(i int) &Task {
  406 |     mut t := self.findtcb(i)
  407 |     t.task_holding = false
      |       ~~~~~~~~~~~~
  408 |     if t.priority > self.priority {
  409 |         return t

tmp/richards/bm_richards.v:411:9: error: `Task_Impl` incorrectly implements method `py_fn` of interface `Task`: 
expected `TaskRec`, not `&TaskRec` for parameter 2
  409 |         return t
  410 |     } else {
  411 |         return self
      |         ~~~~~~~~~~~
  412 |     }
  413 | }

Details: main.Task has `fn py_fn(x main.Task, pkt ?&main.Packet, r main.TaskRec) ?&main.Task`
         main.Task_Impl has `fn py_fn(self main.Task_Impl, pkt ?&main.Packet, r &main.TaskRec) ?&main.Task`

tmp/richards/bm_richards.v:416:27: error: cannot use `i64` as `int` in argument 1 to `Task_Impl.findtcb`
  414 | 
  415 | fn (self Task_Impl) qpkt(pkt &Packet) &Task {
  416 |     mut t := self.findtcb(pkt.ident)
      |                           ~~~~~~~~~
  417 |     task_work_area.qpkt_count += 1
  418 |     pkt.link = none

tmp/richards/bm_richards.v:418:5: error: `pkt` is immutable, declare it with `mut` to make it mutable
  416 |     mut t := self.findtcb(pkt.ident)
  417 |     task_work_area.qpkt_count += 1
  418 |     pkt.link = none
      |     ~~~
  419 |     pkt.ident = self.ident
  420 |     return t.add_packet(pkt, self)

tmp/richards/bm_richards.v:418:14: error: mismatched types `&Packet` and `none`
  416 |     mut t := self.findtcb(pkt.ident)
  417 |     task_work_area.qpkt_count += 1
  418 |     pkt.link = none
      |              ^
  419 |     pkt.ident = self.ident
  420 |     return t.add_packet(pkt, self)

tmp/richards/bm_richards.v:418:16: error: cannot assign to `pkt.link`: expected `&Packet`, not `none`
  416 |     mut t := self.findtcb(pkt.ident)
  417 |     task_work_area.qpkt_count += 1
  418 |     pkt.link = none
      |                ~~~~
  419 |     pkt.ident = self.ident
  420 |     return t.add_packet(pkt, self)

tmp/richards/bm_richards.v:419:5: error: `pkt` is immutable, declare it with `mut` to make it mutable
  417 |     task_work_area.qpkt_count += 1
  418 |     pkt.link = none
  419 |     pkt.ident = self.ident
      |     ~~~
  420 |     return t.add_packet(pkt, self)
  421 | }

tmp/richards/bm_richards.v:420:30: error: `Task_Impl` incorrectly implements method `py_fn` of interface `Task`: 
expected `TaskRec`, not `&TaskRec` for parameter 2
  418 |     pkt.link = none
  419 |     pkt.ident = self.ident
  420 |     return t.add_packet(pkt, self)
      |                              ~~~~
  421 | }
  422 |

Details: main.Task has `fn py_fn(x main.Task, pkt ?&main.Packet, r main.TaskRec) ?&main.Task`
         main.Task_Impl has `fn py_fn(self main.Task_Impl, pkt ?&main.Packet, r &main.TaskRec) ?&main.Task`

tmp/richards/bm_richards.v:424:52: error: cannot cast non-sum type `[]?Task` using `as`
  422 | 
  423 | fn (self Task_Impl) findtcb(id int) &Task {
  424 |     mut t := py_subscript((task_work_area.task_tab as map[string]Task), id)
      |                                                    ~~
  425 |     if t == none {
  426 |         vexc.raise('Exception', py_string_format('Bad task id %d', id))

tmp/richards/bm_richards.v:424:14: error: unknown function: py_subscript
  422 | 
  423 | fn (self Task_Impl) findtcb(id int) &Task {
  424 |     mut t := py_subscript((task_work_area.task_tab as map[string]Task), id)
      |              ~~~~~~~~~~~~~~~~~~~~~~~~~~~~~~~~~~~~~~~~~~~~~~~~~~~~~~~~~~~~~~
  425 |     if t == none {
  426 |         vexc.raise('Exception', py_string_format('Bad task id %d', id))

tmp/richards/bm_richards.v:424:11: error: assignment mismatch: 1 variable but `py_subscript()` returns 0 values
  422 | 
  423 | fn (self Task_Impl) findtcb(id int) &Task {
  424 |     mut t := py_subscript((task_work_area.task_tab as map[string]Task), id)
      |           ~~
  425 |     if t == none {
  426 |         vexc.raise('Exception', py_string_format('Bad task id %d', id))

tmp/richards/bm_richards.v:425:8: error: non-bool type `void` used as if condition
  423 | fn (self Task_Impl) findtcb(id int) &Task {
  424 |     mut t := py_subscript((task_work_area.task_tab as map[string]Task), id)
  425 |     if t == none {
      |        ~~~~~~~~~
  426 |         vexc.raise('Exception', py_string_format('Bad task id %d', id))
  427 |         return none

tmp/richards/bm_richards.v:426:33: error: unknown function: py_string_format
  424 |     mut t := py_subscript((task_work_area.task_tab as map[string]Task), id)
  425 |     if t == none {
  426 |         vexc.raise('Exception', py_string_format('Bad task id %d', id))
      |                                 ~~~~~~~~~~~~~~~~~~~~~~~~~~~~~~~~~~~~~~
  427 |         return none
  428 |     }

tmp/richards/bm_richards.v:426:33: error: `py_string_format('Bad task id %d', id)` (no value) used as value in 
argument 2 to `div72.vexc.raise`
  424 |     mut t := py_subscript((task_work_area.task_tab as map[string]Task), id)
  425 |     if t == none {
  426 |         vexc.raise('Exception', py_string_format('Bad task id %d', id))
      |                                 ~~~~~~~~~~~~~~~~~~~~~~~~~~~~~~~~~~~~~~
  427 |         return none
  428 |     }

tmp/richards/bm_richards.v:427:9: error: `none` doesn't implement method `py_fn` of interface `Task`
  425 |     if t == none {
  426 |         vexc.raise('Exception', py_string_format('Bad task id %d', id))
  427 |         return none
      |         ~~~~~~~~~~~
  428 |     }
  429 |     return t

tmp/richards/bm_richards.v:427:9: error: `none` doesn't implement method `add_packet` of interface `Task`
  425 |     if t == none {
  426 |         vexc.raise('Exception', py_string_format('Bad task id %d', id))
  427 |         return none
      |         ~~~~~~~~~~~
  428 |     }
  429 |     return t

tmp/richards/bm_richards.v:427:9: error: `none` doesn't implement method `run_task` of interface `Task`
  425 |     if t == none {
  426 |         vexc.raise('Exception', py_string_format('Bad task id %d', id))
  427 |         return none
      |         ~~~~~~~~~~~
  428 |     }
  429 |     return t

tmp/richards/bm_richards.v:427:9: error: `none` doesn't implement method `wait_task` of interface `Task`
  425 |     if t == none {
  426 |         vexc.raise('Exception', py_string_format('Bad task id %d', id))
  427 |         return none
      |         ~~~~~~~~~~~
  428 |     }
  429 |     return t

tmp/richards/bm_richards.v:427:9: error: `none` doesn't implement method `hold` of interface `Task`
  425 |     if t == none {
  426 |         vexc.raise('Exception', py_string_format('Bad task id %d', id))
  427 |         return none
      |         ~~~~~~~~~~~
  428 |     }
  429 |     return t

tmp/richards/bm_richards.v:427:9: error: `none` doesn't implement method `release` of interface `Task`
  425 |     if t == none {
  426 |         vexc.raise('Exception', py_string_format('Bad task id %d', id))
  427 |         return none
      |         ~~~~~~~~~~~
  428 |     }
  429 |     return t

tmp/richards/bm_richards.v:427:9: error: `none` doesn't implement method `qpkt` of interface `Task`
  425 |     if t == none {
  426 |         vexc.raise('Exception', py_string_format('Bad task id %d', id))
  427 |         return none
      |         ~~~~~~~~~~~
  428 |     }
  429 |     return t

tmp/richards/bm_richards.v:427:9: error: `none` doesn't implement method `findtcb` of interface `Task`
  425 |     if t == none {
  426 |         vexc.raise('Exception', py_string_format('Bad task id %d', id))
  427 |         return none
      |         ~~~~~~~~~~~
  428 |     }
  429 |     return t

tmp/richards/bm_richards.v:429:5: error: `t` used as value
  427 |         return none
  428 |     }
  429 |     return t
      |     ~~~~~~~~
  430 | }
  431 |

tmp/richards/bm_richards.v:433:18: error: reference field `DeviceTask.input` must be initialized
  431 | 
  432 | fn new_device_task(i int, p int, w ?&Packet, s &TaskState, r &DeviceTaskRec) &DeviceTask {
  433 |     mut self := &DeviceTask{}
      |                  ~~~~~~~~~~~~
  434 |     self.Task_Impl = *new_task_impl(i, p, w, s, r)
  435 |     return self

tmp/richards/bm_richards.v:433:18: error: reference field `Task_Impl.input` must be initialized
  431 | 
  432 | fn new_device_task(i int, p int, w ?&Packet, s &TaskState, r &DeviceTaskRec) &DeviceTask {
  433 |     mut self := &DeviceTask{}
      |                  ~~~~~~~~~~~~
  434 |     self.Task_Impl = *new_task_impl(i, p, w, s, r)
  435 |     return self

tmp/richards/bm_richards.v:441:26: error: cannot cast non-sum type `Packet` using `as`
  439 |     mut d := (r as DeviceTaskRec)
  440 |     if pkt == none {
  441 |         pkt = (d.pending as ?Packet)
      |                          ~~
  442 |         if pkt == none {
  443 |             return self.wait_task()

tmp/richards/bm_richards.v:443:20: error: `self` is immutable, declare it with `mut` to make it mutable
  441 |         pkt = (d.pending as ?Packet)
  442 |         if pkt == none {
  443 |             return self.wait_task()
      |                    ~~~~
  444 |         } else {
  445 |             d.pending = none

tmp/richards/bm_richards.v:450:12: error: unknown function: py_bool
  448 |     } else {
  449 |         d.pending = pkt
  450 |         if py_bool(tracing) {
      |            ~~~~~~~~~~~~~~~~
  451 |             trace(pkt.datum)
  452 |         }

tmp/richards/bm_richards.v:450:12: error: non-bool type `void` used as if condition
  448 |     } else {
  449 |         d.pending = pkt
  450 |         if py_bool(tracing) {
      |            ~~~~~~~~~~~~~~~~
  451 |             trace(pkt.datum)
  452 |         }
tmp/richards/bm_richards.v:453:16: error: `self` is immutable, declare it with `mut` to make it mutable
  451 |             trace(pkt.datum)
  452 |         }
  453 |         return self.hold()
      |                ~~~~
  454 |     }
  455 | }
tmp/richards/bm_richards.v:458:18: error: reference field `HandlerTask.input` must be initialized
  456 | 
  457 | fn new_handler_task(i int, p int, w ?&Packet, s &TaskState, r &HandlerTaskRec) &HandlerTask {
  458 |     mut self := &HandlerTask{}
      |                  ~~~~~~~~~~~~~
  459 |     self.Task_Impl = *new_task_impl(i, p, w, s, r)
  460 |     return self
tmp/richards/bm_richards.v:458:18: error: reference field `Task_Impl.input` must be initialized
  456 | 
  457 | fn new_handler_task(i int, p int, w ?&Packet, s &TaskState, r &HandlerTaskRec) &HandlerTask {
  458 |     mut self := &HandlerTask{}
      |                  ~~~~~~~~~~~~~
  459 |     self.Task_Impl = *new_task_impl(i, p, w, s, r)
  460 |     return self
tmp/richards/bm_richards.v:474:16: error: `self` is immutable, declare it with `mut` to make it mutable
  472 |     mut work := h.work_in
  473 |     if (work is NoneType) {
  474 |         return self.wait_task()
      |                ~~~~
  475 |     }
  476 |     count := work.datum
tmp/richards/bm_richards.v:476:19: error: field `datum` does not exist or have the same type in these sumtype `Any` 
variants: Interpolation, NoneType, Template
  474 |         return self.wait_task()
  475 |     }
  476 |     count := work.datum
      |                   ~~~~~
  477 |     if count >= bufsize {
  478 |         h.work_in = work.link
tmp/richards/bm_richards.v:476:11: error: assignment mismatch: 1 variable 0 values
  474 |         return self.wait_task()
  475 |     }
  476 |     count := work.datum
      |           ~~
  477 |     if count >= bufsize {
  478 |         h.work_in = work.link
tmp/richards/bm_richards.v:477:8: error: non-bool type `void` used as if condition
  475 |     }
  476 |     count := work.datum
  477 |     if count >= bufsize {
      |        ~~~~~~~~~~~~~~~~
  478 |         h.work_in = work.link
  479 |         return self.qpkt(work)
tmp/richards/bm_richards.v:478:26: error: field `link` does not exist or have the same type in these sumtype `Any` 
variants: Interpolation, NoneType, Template
  476 |     count := work.datum
  477 |     if count >= bufsize {
  478 |         h.work_in = work.link
      |                          ~~~~
  479 |         return self.qpkt(work)
  480 |     }
tmp/richards/bm_richards.v:478:19: error: assignment mismatch: 1 variable 0 values
  476 |     count := work.datum
  477 |     if count >= bufsize {
  478 |         h.work_in = work.link
      |                   ^
  479 |         return self.qpkt(work)
  480 |     }
tmp/richards/bm_richards.v:479:26: error: cannot use `Any` as `&Packet` in argument 1 to `HandlerTask.qpkt`
  477 |     if count >= bufsize {
  478 |         h.work_in = work.link
  479 |         return self.qpkt(work)
      |                          ~~~~
  480 |     }
  481 |     mut dev := h.device_in
tmp/richards/bm_richards.v:483:16: error: `self` is immutable, declare it with `mut` to make it mutable
  481 |     mut dev := h.device_in
  482 |     if (dev is NoneType) {
  483 |         return self.wait_task()
      |                ~~~~
  484 |     }
  485 |     h.device_in = dev.link
tmp/richards/bm_richards.v:485:23: error: field `link` does not exist or have the same type in these sumtype `Any` 
variants: Interpolation, NoneType, Template
  483 |         return self.wait_task()
  484 |     }
  485 |     h.device_in = dev.link
      |                       ~~~~
  486 |     dev.datum = py_subscript(work.data, count)
  487 |     work.datum = co
unt + 1
tmp/richards/bm_richards.v:485:17: error: assignment mismatch: 1 variable 0 values
  483 |         return self.wait_task()
  484 |     }
  485 |     h.device_in = dev.link
      |                 ^
  486 |     dev.datum = py_subscript(work.data, count)
  487 |     work.datum = count + 1
tmp/richards/bm_richards.v:486:35: error: field `data` does not exist or have the same type in these sumtype `Any` 
variants: Interpolation, NoneType, Template
  484 |     }
  485 |     h.device_in = dev.link
  486 |     dev.datum = py_subscript(work.data, count)
      |                                   ~~~~
  487 |     work.datum = count + 1
  488 |     return self.qpkt(dev)
tmp/richards/bm_richards.v:486:17: error: unknown function: py_subscript
  484 |     }
  485 |     h.device_in = dev.link
  486 |     dev.datum = py_subscript(work.data, count)
      |                 ~~~~~~~~~~~~~~~~~~~~~~~~~~~~~~
  487 |     work.datum = count + 1
  488 |     return self.qpkt(dev)
tmp/richards/bm_richards.v:486:15: error: assignment mismatch: 1 variable but `py_subscript()` returns 0 values
  484 |     }
  485 |     h.device_in = dev.link
  486 |     dev.datum = py_subscript(work.data, count)
      |               ^
  487 |     work.datum = count + 1
  488 |     return self.qpkt(dev)
tmp/richards/bm_richards.v:487:10: error: field `datum` does not exist or have the same type in these sumtype `Any` 
variants: Interpolation, NoneType, Template
  485 |     h.device_in = dev.link
  486 |     dev.datum = py_subscript(work.data, count)
  487 |     work.datum = count + 1
      |          ~~~~~
  488 |     return self.qpkt(dev)
  489 | }
tmp/richards/bm_richards.v:487:18: error: mismatched types `void` and `int literal`
  485 |     h.device_in = dev.link
  486 |     dev.datum = py_subscript(work.data, count)
  487 |     work.datum = count + 1
      |                  ~~~~~~~~~
  488 |     return self.qpkt(dev)
  489 | }
tmp/richards/bm_richards.v:487:10: error: unknown field `Any.datum`
  485 |     h.device_in = dev.link
  486 |     dev.datum = py_subscript(work.data, count)
  487 |     work.datum = count + 1
      |          ~~~~~
  488 |     return self.qpkt(dev)
  489 | }
tmp/richards/bm_richards.v:488:22: error: cannot use `Any` as `&Packet` in argument 1 to `HandlerTask.qpkt`
  486 |     dev.datum = py_subscript(work.data, count)
  487 |     work.datum = count + 1
  488 |     return self.qpkt(dev)
      |                      ~~~
  489 | }
  490 |
tmp/richards/bm_richards.v:492:18: error: reference field `IdleTask.input` must be initialized
  490 | 
  491 | fn new_idle_task(i int, p int, w int, s &TaskState, r &IdleTaskRec) &IdleTask {
  492 |     mut self := &IdleTask{}
      |                  ~~~~~~~~~~
  493 |     self.Task_Impl = *new_task_impl(i, 0, none, s, r)
  494 |     return self
tmp/richards/bm_richards.v:492:18: error: reference field `Task_Impl.input` must be initialized
  490 | 
  491 | fn new_idle_task(i int, p int, w int, s &TaskState, r &IdleTaskRec) &IdleTask {
  492 |     mut self := &IdleTask{}
      |                  ~~~~~~~~~~
  493 |     self.Task_Impl = *new_task_impl(i, 0, none, s, r)
  494 |     return self
tmp/richards/bm_richards.v:501:16: error: `self` is immutable, declare it with `mut` to make it mutable
  499 |     i.count -= 1
  500 |     if i.count == 0 {
  501 |         return self.hold()
      |                ~~~~
  502 |     } else if i.control & 1 == 0 {
  503 |         i.control = int(math.floor(f64(i.control) / f64(2)))
tmp/richards/bm_richards.v:504:21: error: unknown method or field: `IdleTask.unlock`.
1 possibility: `py_fn`.
  502 |     } else if i.control & 1 == 0 {
  503 |         i.control = int(math.floor(f64(i.control) / f64(2)))
  504 |         return self.unlock()
      |                     ~~~~~~~~
  505 |     } else {
  506 |         i.control = math.floor(i.control / 2) ^ 0xd008
tmp/richards/bm_richards.v:504:9: error: `self.unlock()` used as value
  502 |     } else if i.control & 1 == 0 {
  503 |    
     i.control = int(math.floor(f64(i.control) / f64(2)))
  504 |         return self.unlock()
      |         ~~~~~~~~~~~~~~~~~~~~
  505 |     } else {
  506 |         i.control = math.floor(i.control / 2) ^ 0xd008
tmp/richards/bm_richards.v:506:32: error: cannot use `i64` as `f64` in argument 1 to `math.floor`
  504 |         return self.unlock()
  505 |     } else {
  506 |         i.control = math.floor(i.control / 2) ^ 0xd008
      |                                ~~~~~~~~~~~~~
  507 |         return self.unlock()
  508 |     }
tmp/richards/bm_richards.v:506:26: error: left type of `^` cannot be non-integer type `f64`
  504 |         return self.unlock()
  505 |     } else {
  506 |         i.control = math.floor(i.control / 2) ^ 0xd008
      |                          ~~~~~~~~~~~~~~~~~~~~
  507 |         return self.unlock()
  508 |     }
tmp/richards/bm_richards.v:506:26: error: cannot assign to `i.control`: expected `i64`, not `f64`
  504 |         return self.unlock()
  505 |     } else {
  506 |         i.control = math.floor(i.control / 2) ^ 0xd008
      |                          ~~~~~~~~~~~~~~~~~~~~~~~~~~~~~
  507 |         return self.unlock()
  508 |     }
tmp/richards/bm_richards.v:507:21: error: unknown method or field: `IdleTask.unlock`.
1 possibility: `py_fn`.
  505 |     } else {
  506 |         i.control = math.floor(i.control / 2) ^ 0xd008
  507 |         return self.unlock()
      |                     ~~~~~~~~
  508 |     }
  509 | }
tmp/richards/bm_richards.v:507:9: error: `self.unlock()` used as value
  505 |     } else {
  506 |         i.control = math.floor(i.control / 2) ^ 0xd008
  507 |         return self.unlock()
      |         ~~~~~~~~~~~~~~~~~~~~
  508 |     }
  509 | }
tmp/richards/bm_richards.v:512:18: error: reference field `WorkTask.input` must be initialized
  510 | 
  511 | fn new_work_task(i int, p int, w ?&Packet, s &TaskState, r &WorkerTaskRec) &WorkTask {
  512 |     mut self := &WorkTask{}
      |                  ~~~~~~~~~~
  513 |     self.Task_Impl = *new_task_impl(i, p, w, s, r)
  514 |     return self
tmp/richards/bm_richards.v:512:18: error: reference field `Task_Impl.input` must be initialized
  510 | 
  511 | fn new_work_task(i int, p int, w ?&Packet, s &TaskState, r &WorkerTaskRec) &WorkTask {
  512 |     mut self := &WorkTask{}
      |                  ~~~~~~~~~~
  513 |     self.Task_Impl = *new_task_impl(i, p, w, s, r)
  514 |     return self

tmp/richards/bm_richards.v:520:16: error: `self` is immutable, declare it with `mut` to make it mutable
  518 |     mut w := (r as WorkerTaskRec)
  519 |     if pkt == none {
  520 |         return self.wait_task()
      |                ~~~~
  521 |     }
  522 |     dest := 0

tmp/richards/bm_richards.v:524:9: error: `dest` is immutable, declare it with `mut` to make it mutable
  522 |     dest := 0
  523 |     if w.destination == i_handlera {
  524 |         dest = i_handlerb
      |         ~~~~
  525 |     } else {
  526 |         dest = i_handlera

tmp/richards/bm_richards.v:526:9: error: `dest` is immutable, declare it with `mut` to make it mutable
  524 |         dest = i_handlerb
  525 |     } else {
  526 |         dest = i_handlera
      |         ~~~~
  527 |     }
  528 |     w.destination = dest

tmp/richards/bm_richards.v:529:9: error: cannot access fields of an Option, handle the error with `or {...}` or 
propagate it with `?`
  527 |     }
  528 |     w.destination = dest
  529 |     pkt.ident = dest
      |         ~~~~~
  530 |     pkt.datum = 0
  531 |     mut i := 0

tmp/richards/bm_richards.v:530:9: error: cannot access fields of an Option, handle the error with `or {...}` or 
propagate it with `?`
  528 |     w.destination = dest
  529 |     pkt.ident = dest
  530 |     pkt.datum = 0
      |         ~~~~~
  531 |     mut i := 0
  532 |     for i < bufsize {

tmp/richards/bm_richards.v:537:13: error: cannot access fields of an Option, handle the error with `or {...}` or 
propagate it with `?`
  535 |             w.count = 1
  536 |         }
  537 |         pkt.data[i] = a + w.count - 1
      |             ~~~~
  538 |         i += 1
  539 |     }

tmp/richards/bm_richards.v:540:22: error: cannot use `?&&Packet` as `&Packet`, it must be unwrapped first in argument 
1 to `WorkTask.qpkt`
  538 |         i += 1
  539 |     }
  540 |     return self.qpkt(pkt)
      |                      ~~~
  541 | }
  542 |
tmp/richards/bm_richards.v:546:12: error: unknown function: py_bool
  544 |     mut t := task_work_area.task_list
  545 |     for t != none {
  546 |         if py_bool(tracing) {
      |            ~~~~~~~~~~~~~~~~
  547 |             println("tcb = ${t.ident}")
  548 |         }

tmp/richards/bm_richards.v:546:12: error: non-bool type `void` used as if condition
  544 |     mut t := task_work_area.task_list
  545 |     for t != none {
  546 |         if py_bool(tracing) {
      |            ~~~~~~~~~~~~~~~~
  547 |             println("tcb = ${t.ident}")
  548 |         }

tmp/richards/bm_richards.v:547:32: error: cannot access fields of an Option, handle the error with `or {...}` or 
propagate it with `?`
  545 |     for t != none {
  546 |         if py_bool(tracing) {
  547 |             println("tcb = ${t.ident}")
      |                                ~~~~~
  548 |         }
  549 |         if py_bool(t.is_task_holding_or_waiting()) {

tmp/richards/bm_richards.v:549:20: error: Option type `Task` cannot be called directly, you should unwrap it first
  547 |             println("tcb = ${t.ident}")
  548 |         }
  549 |         if py_bool(t.is_task_holding_or_waiting()) {
      |                    ^
  550 |             t = t.link
  551 |         } else {

tmp/richards/bm_richards.v:549:12: error: unknown function: py_bool
  547 |             println("tcb = ${t.ident}")
  548 |         }
  549 |         if py_bool(t.is_task_holding_or_waiting()) {
      |            ~~~~~~~~~~~~~~~~~~~~~~~~~~~~~~~~~~~~~~~
  550 |             t = t.link
  551 |         } else {

tmp/richards/bm_richards.v:549:12: error: non-bool type `void` used as if condition
  547 |             println("tcb = ${t.ident}")
  548 |         }
  549 |         if py_bool(t.is_task_holding_or_waiting()) {
      |            ~~~~~~~~~~~~~~~~~~~~~~~~~~~~~~~~~~~~~~~
  550 |             t = t.link
  551 |         } else {
tmp/richards/bm_richards.v:550:19: error: cannot access fields of an Option, handle the error with `or {...}` or 
propagate it with `?`
  548 |         }
  549 |         if py_bool(t.is_task_holding_or_waiting()) {
  550 |             t = t.link
      |                   ~~~~
  551 |         } else {
  552 |             if py_bool(tracing) {
tmp/richards/bm_richards.v:550:15: error: mismatched types `?&Task` and `Any`
  548 |         }
  549 |         if py_bool(t.is_task_holding_or_waiting()) {
  550 |             t = t.link
      |               ^
  551 |         } else {
  552 |             if py_bool(tracing) {
tmp/richards/bm_richards.v:550:19: error: `Any` doesn't implement method `py_fn` of interface `Task`
  548 |         }
  549 |         if py_bool(t.is_task_holding_or_waiting()) {
  550 |             t = t.link
      |                   ~~~~
  551 |         } else {
  552 |             if py_bool(tracing) {
tmp/richards/bm_richards.v:550:19: error: `Any` doesn't implement method `add_packet` of interface `Task`
  548 |         }
  549 |         if py_bool(t.is_task_holding_or_waiting()) {
  550 |             t = t.link
      |                   ~~~~
  551 |         } else {
  552 |             if py_bool(tracing) {
tmp/richards/bm_richards.v:550:19: error: `Any` doesn't implement method `run_task` of interface `Task`
  548 |         }
  549 |         if py_bool(t.is_task_holding_or_waiting()) {
  550 |             t = t.link
      |                   ~~~~
  551 |         } else {
  552 |             if py_bool(tracing) {
tmp/richards/bm_richards.v:550:19: error: `Any` doesn't implement method `wait_task` of interface `Task`
  548 |         }
  549 |         if py_bool(t.is_task_holding_or_waiting()) {
  550 |             t = t.link
      |                   ~~~~
  551 |         } else {
  552 |             if py_bool(tracing) {
tmp/richards/bm_richards.v:550:19: error: `Any` doesn't implement method `hold` of interface `Task`
  548 |         }
  549 |         if py_bool(t.is_task_holding_or_waiting()) {
  550 |             t = t.link
      |                   ~~~~
  551 |         } else {
  552 |             if py_bool(tracing) {
tmp/richards/bm_richards.v:550:19: error: `Any` doesn't implement method `release` of interface `Task`
  548 |         }
  549 |         if py_bool(t.is_task_holding_or_waiting()) {
  550 |             t = t.link
      |                   ~~~~
  551 |         } else {
  552 |             if py_bool(tracing) {

tmp/richards/bm_richards.v:550:19: error: `Any` doesn't implement method `qpkt` of interface `Task`
  548 |         }
  549 |         if py_bool(t.is_task_holding_or_waiting()) {
  550 |             t = t.link
      |                   ~~~~
  551 |         } else {
  552 |             if py_bool(tracing) {

tmp/richards/bm_richards.v:550:19: error: `Any` doesn't implement method `findtcb` of interface `Task`
  548 |         }
  549 |         if py_bool(t.is_task_holding_or_waiting()) {
  550 |             t = t.link
      |                   ~~~~
  551 |         } else {
  552 |             if py_bool(tracing) {

tmp/richards/bm_richards.v:552:16: error: unknown function: py_bool
  550 |             t = t.link
  551 |         } else {
  552 |             if py_bool(tracing) {
      |                ~~~~~~~~~~~~~~~~
  553 |                 trace(rune(u32('0') + t.ident).str())
  554 |             }

tmp/richards/bm_richards.v:552:16: error: non-bool type `void` used as if condition
  550 |             t = t.link
  551 |         } else {
  552 |             if py_bool(tracing) {
      |                ~~~~~~~~~~~~~~~~
  553 |                 trace(rune(u32('0') + t.ident).str())
  554 |             }

tmp/richards/bm_richards.v:553:28: error: cannot cast string to `u32`, use `'0'.u32()` instead.
  551 |         } else {
  552 |             if py_bool(tracing) {
  553 |                 trace(rune(u32('0') + t.ident).str())
      |                            ~~~~~~~~
  554 |             }
  555 |             t = t.run_task()

tmp/richards/bm_richards.v:553:41: error: cannot access fields of an Option, handle the error with `or {...}` or 
propagate it with `?`
  551 |         } else {
  552 |             if py_bool(tracing) {
  553 |                 trace(rune(u32('0') + t.ident).str())
      |                                         ~~~~~
  554 |             }
  555 |             t = t.run_task()

tmp/richards/bm_richards.v:555:17: error: Option type `Task` cannot be called directly, you should unwrap it first
  553 |                 trace(rune(u32('0') + t.ident).str())
  554 |             }
  555 |             t = t.run_task()
      |                 ^
  556 |         }
  557 |     }

tmp/richards/bm_richards.v:555:15: error: assignment mismatch: 1 variable but `run_task()` returns 0 values
  553 |                 trace(rune(u32('0') + t.ident).str())
  554 |             }
  555 |             t = t.run_task()
      |               ^
  556 |         }
  557 |     }

tmp/richards/bm_richards.v:569:41: error: cannot pass expression as `mut`
  567 |         task_work_area.hold_count = 0
  568 |         task_work_area.qpkt_count = 0
  569 |         new_idle_task(i_idle, 1, 10000, new_task_state_impl().running(), new_idle_task_rec())
      |                                         ~~~~~~~~~~~~~~~~~~~~~
  570 |         mut wkq := new_packet(none, 0, k_work)
  571 |         wkq = new_packet(wkq, 0, k_work)

tmp/richards/bm_richards.v:572:42: error: cannot pass expression as `mut`
  570 |         mut wkq := new_packet(none, 0, k_work)
  571 |         wkq = new_packet(wkq, 0, k_work)
  572 |         new_work_task(i_work, 1000, wkq, new_task_state_impl().waiting_with_packet(), new_worker_task_rec())
      |                                          ~~~~~~~~~~~~~~~~~~~~~
  573 |         wkq = new_packet(none, i_deva, k_dev)
  574 |         wkq = new_packet(wkq, i_deva, k_dev)

tmp/richards/bm_richards.v:576:49: error: cannot pass expression as `mut`
  574 |         wkq = new_packet(wkq, i_deva, k_dev)
  575 |         wkq = new_packet(wkq, i_deva, k_dev)
  576 |         new_handler_task(i_handlera, 2000, wkq, new_task_state_impl().waiting_with_packet(), 
new_handler_task_rec())
      |                                                 ~~~~~~~~~~~~~~~~~~~~~
  577 |         wkq = new_packet(none, i_devb, k_dev)
  578 |         wkq = new_packet(wkq, i_devb, k_dev)

tmp/richards/bm_richards.v:580:49: error: cannot pass expression as `mut`
  578 |         wkq = new_packet(wkq, i_devb, k_dev)
  579 |         wkq = new_packet(wkq, i_devb, k_dev)
  580 |         new_handler_task(i_handlerb, 3000, wkq, new_task_state_impl().waiting_with_packet(), 
new_handler_task_rec())
      |                                                 ~~~~~~~~~~~~~~~~~~~~~
  581 |         wkq = none
  582 |         new_device_task(i_deva, 4000, wkq, new_task_state_impl().waiting(), new_device_task_rec())

tmp/richards/bm_richards.v:581:13: error: mismatched types `&Packet` and `none`
  579 |         wkq = new_packet(wkq, i_devb, k_dev)
  580 |         new_handler_task(i_handlerb, 3000, wkq, new_task_state_impl().waiting_with_packet(), 
new_handler_task_rec())
  581 |         wkq = none
      |             ^
  582 |         new_device_task(i_deva, 4000, wkq, new_task_state_impl().waiting(), new_device_task_rec())
  583 |         new_device_task(i_devb, 5000, wkq, new_task_state_impl().waiting(), new_device_task_rec())

tmp/richards/bm_richards.v:581:15: error: cannot assign to `wkq`: expected `&Packet`, not `none`
  579 |         wkq = new_packet(wkq, i_devb, k_dev)
  580 |         new_handler_task(i_handlerb, 3000, wkq, new_task_state_impl().waiting_with_packet(), 
new_handler_task_rec())
  581 |         wkq = none
      |               ~~~~
  582 |         new_device_task(i_deva, 4000, wkq, new_task_state_impl().waiting(), new_device_task_rec())
  583 |         new_device_task(i_devb, 5000, wkq, new_task_state_impl().waiting(), new_device_task_rec())

tmp/richards/bm_richards.v:582:44: error: cannot pass expression as `mut`
  580 |         new_handler_task(i_handlerb, 3000, wkq, new_task_state_impl().waiting_with_packet(), 
new_handler_task_rec())
  581 |         wkq = none
  582 |         new_device_task(i_deva, 4000, wkq, new_task_state_impl().waiting(), new_device_task_rec())
      |                                            ~~~~~~~~~~~~~~~~~~~~~
  583 |         new_device_task(i_devb, 5000, wkq, new_task_state_impl().waiting(), new_device_task_rec())
  584 |         schedule()

tmp/richards/bm_richards.v:583:44: error: cannot pass expression as `mut`
  581 |         wkq = none
  582 |         new_device_task(i_deva, 4000, wkq, new_task_state_impl().waiting(), new_device_task_rec())
  583 |         new_device_task(i_devb, 5000, wkq, new_task_state_impl().waiting(), new_device_task_rec())
      |                                            ~~~~~~~~~~~~~~~~~~~~~
  584 |         schedule()
  585 |         if (task_work_area.hold_count == 9297) && (task_work_area.qpkt_count == 23246) {

